time_series/Lab2dataset1.csv
week,logmove,price1,price2,price3,price4,price5,price6,price7,price8,price9,price10,price11,deal,feat,profit
1989-10-14,8.929567708,0.0571875,0.0603125,0.04203125,0.02328125,0.04671875,0.050104167,0.03890625,0.03875,0.02890625,0.02484375,0.037421875,1,0,34.44101695
1989-10-21,8.392989588,0.0571875,0.0603125,0.04203125,0.044375,0.03109375,0.048854167,0.03890625,0.0371875,0.04546875,0.03890625,0.037421875,0,0,34.43521739
1989-10-28,8.647519453,0.0571875,0.0603125,0.04921875,0.02953125,0.04671875,0.050104167,0.04328125,0.03875,0.04546875,0.03890625,0.035078125,0,0,34.2611236
1989-11-04,8.30201781,0.0571875,0.0603125,0.04921875,0.044375,0.04671875,0.050104167,0.03109375,0.03875,0.04546875,0.03890625,0.035078125,0,0,34.20920635
1989-11-11,7.98752448,0.0571875,0.0603125,0.04921875,0.044375,0.04046875,0.050104167,0.04328125,0.03875,0.04296875,0.03890625,0.037421875,0,0,31.71869565
1989-11-18,8.166216269,0.0571875,0.0603125,0.04921875,0.03734375,0.04671875,0.0478125,0.04328125,0.03875,0.04296875,0.03890625,0.037421875,0,0,26.51727273
1989-11-25,8.070906089,0.0571875,0.0603125,0.04515625,0.044375,0.04671875,0.0478125,0.04328125,0.02796875,0.04296875,0.03890625,0.037421875,0,0,26.1004
1989-12-02,8.589699882,0.0571875,0.0603125,0.04515625,0.044375,0.03734375,0.050104167,0.04328125,0.03875,0.04546875,0.03265625,0.037421875,0,0,25.98
1989-12-09,8.449342525,0.0571875,0.0603125,0.04921875,0.03734375,0.04671875,0.050104167,0.04328125,0.03875,0.04234375,0.03265625,0.037421875,0,0,25.93
1989-12-16,8.184234774,0.0571875,0.0603125,0.04921875,0.03734375,0.03109375,0.045729167,0.04515625,0.03875,0.04234375,0.03265625,0.037421875,0,0,25.9
1989-12-23,8.636219898,0.0571875,0.0603125,0.04359375,0.03109375,0.04671875,0.050104167,0.04424649,0.03875,0.04234375,0.03265625,0.03703125,0,0,25.9
1989-12-30,7.847762538,0.0571875,0.0603125,0.04359375,0.044375,0.04671875,0.050104167,0.044463687,0.03578125,0.04234375,0.02953125,0.03703125,0,0,25.9
1990-01-06,8.61323038,0.05140625,0.0603125,0.04359375,0.044375,0.04671875,0.050104167,0.04515625,0.03578125,0.03109375,0.02953125,0.037421875,1,0,27.20081395
1990-01-13,8.60153434,0.05140625,0.0603125,0.04921875,0.044375,0.03421875,0.050104167,0.04515625,0.03578125,0.03109375,0.02953125,0.037421875,1,0,27.14176471
1990-01-20,8.702177866,0.05140625,0.0603125,0.04921875,0.03734375,0.04671875,0.050104167,0.04515625,0.0371875,0.04546875,0.02796875,0.035078125,1,0,27.09308511
1990-01-27,8.317766167,0.0571875,0.0603125,0.04921875,0.03734375,0.04671875,0.046770833,0.04515625,0.0371875,0.04546875,0.02796875,0.035078125,0,0,34.44875
1990-02-03,8.624791202,0.05140625,0.059733191,0.04921875,0.044375,0.04671875,0.046770833,0.03109375,0.03875,0.04546875,0.02796875,0.035078125,1,1,27.06034483
1990-02-10,8.236420527,0.05140625,0.059585039,0.0484375,0.044375,0.03109375,0.050104167,0.03109375,0.03875,0.04234375,0.03890625,0.037421875,1,0,27.05966102
1990-02-17,8.009030685,0.05484375,0.0478125,0.04671875,0.044375,0.043463862,0.050104167,0.04515625,0.04,0.03109375,0.019375,0.037421875,1,0,28.82787234
1990-02-24,8.476371197,0.05484375,0.0571875,0.04671875,0.03109375,0.04671875,0.050104167,0.04515625,0.0384375,0.03109375,0.02484375,0.037421875,1,0,30.27933333
1990-03-03,8.30201781,0.05484375,0.0571875,0.04671875,0.044375,0.03109375,0.046770833,0.04515625,0.0384375,0.03109375,0.02484375,0.037421875,0,0,30.34920635
1990-03-10,8.528330936,0.05484375,0.0571875,0.04671875,0.03109375,0.04671875,0.046770833,0.04515625,0.04,0.04546875,0.02015625,0.036640625,1,0,30.41
1990-03-17,8.636219898,0.0571875,0.0571875,0.04671875,0.044375,0.03109375,0.050104167,0.04515625,0.04,0.04359375,0.01546875,0.036640625,0,0,30.065
1990-03-24,8.658692754,0.04671875,0.0571875,0.04671875,0.03578125,0.03109375,0.0446875,0.0384375,0.04,0.04359375,0.02484375,0.036640625,1,0,19.73
1990-03-31,8.987196821,0.04671875,0.053020833,0.04671875,0.03578125,0.04671875,0.0446875,0.0384375,0.03109375,0.04359375,0.03890625,0.036640625,1,0,22.47
1990-04-07,8.348537825,0.05296875,0.053020833,0.04203125,0.0384375,0.03109375,0.048854167,0.03734375,0.03109375,0.04359375,0.03421875,0.031171875,0,0,31.59045455
1990-04-14,8.476371197,0.05296875,0.0415625,0.04203125,0.0384375,0.03109375,0.048854167,0.03734375,0.04,0.03109375,0.02171875,0.031171875,0,0,31.4404
1990-04-21,9.77201119,0.03734375,0.0415625,0.04921875,0.03109375,0.03109375,0.0421875,0.0384375,0.04,0.03109375,0.03421875,0.031171875,0,0,24.81416058
1990-04-28,8.99516499,0.03734375,0.053020833,0.04921875,0.02640625,0.03109375,0.0421875,0.0384375,0.04,0.03109375,0.03421875,0.023359375,1,0,17.02952381
1990-05-05,8.895081532,0.05296875,0.053020833,0.02953125,0.0384375,0.03109375,0.0421875,0.03109375,0.0390625,0.03109375,0.03421875,0.023359375,1,0,40.67289474
1990-05-12,9.182763604,0.04046875,0.053020833,0.04921875,0.0384375,0.0384375,0.0421875,0.0384375,0.0390625,0.036875,0.01546875,0.033515625,1,0,34.99052632
1990-05-19,8.987196821,0.04046875,0.053020833,0.04921875,0.02640625,0.0384375,0.0415625,0.0384375,0.04,0.03109375,0.03421875,0.027265625,1,0,30.85312
1990-05-26,8.219326094,0.05296875,0.037395833,0.04921875,0.02640625,0.03109375,0.0415625,0.0384375,0.03578125,0.03109375,0.03421875,0.027265625,0,0,47.24637931
1990-06-02,8.201934351,0.05296875,0.037395833,0.04921875,0.0384375,0.0384375,0.0415625,0.0384375,0.03578125,0.03109375,0.02328125,0.027265625,0,0,45.56649123
1990-06-09,9.30054664,0.03890625,0.037395833,0.04203125,0.0384375,0.03765625,0.041354167,0.0384375,0.04,0.03109375,0.02328125,0.033515625,1,0,31.65
1990-06-16,8.286017468,0.05296875,0.053020833,0.04203125,0.02328125,0.03765625,0.041354167,0.0384375,0.04,0.03109375,0.03421875,0.027265625,0,0,48.55741935
1990-06-23,8.333270353,0.05296875,0.053020833,0.04921875,0.02328125,0.03765625,0.041354167,0.03109375,0.03421875,0.03109375,0.03421875,0.027265625,0,0,48.15846154
1990-06-30,8.540909718,0.05296875,0.053020833,0.04921875,0.0384375,0.03109375,0.0415625,0.0384375,0.03421875,0.036875,0.03109375,0.033515625,0,0,48.23175
1990-07-07,8.14786713,0.05296875,0.053020833,0.04921875,0.0384375,0.0384375,0.0421875,0.0384375,0.04,0.03421875,0.01703125,0.033515625,1,0,46.34888889
1990-07-14,8.378390789,0.05296875,0.049479167,0.04921875,0.02796875,0.0384375,0.0415625,0.0384375,0.0353125,0.03421875,0.03421875,0.027265625,0,0,43.27764706
1990-07-21,8.269756948,0.05296875,0.049479167,0.04921875,0.0384375,0.02640625,0.0415625,0.03765625,0.0353125,0.03421875,0.03421875,0.027265625,1,0,45.16639344
1990-07-28,11.00263303,0.02640625,0.049479167,0.04921875,0.0384375,0.02640625,0.0415625,0.03765625,0.0353125,0.03421875,0.02484375,0.033515625,1,1,4.221044776
1990-08-04,9.018695488,0.05296875,0.049479167,0.02453125,0.03671875,0.0384375,0.0421875,0.03765625,0.0353125,0.036875,0.02484375,0.033515625,0,0,46.47782946
1990-08-11,10.25470765,0.03109375,0.049479167,0.04921875,0.03671875,0.03265625,0.0390625,0.03796875,0.01765625,0.02796875,0.02484375,0.028828125,1,1,14.67720721
1990-08-18,8.783855897,0.05296875,0.0446875,0.04921875,0.03671875,0.03265625,0.038229167,0.03796875,0.0353125,0.02796875,0.01546875,0.028828125,0,0,48.59735294
1990-08-25,10.52535353,0.03109375,0.049479167,0.04921875,0.03671875,0.03265625,0.038229167,0.03796875,0.0353125,0.02796875,0.03421875,0.028828125,1,1,2.710859107
1990-09-01,9.270870872,0.03109375,0.049479167,0.04046875,0.03671875,0.03265625,0.038229167,0.03796875,0.02328125,0.02796875,0.03421875,0.023359375,1,0,1.469036145
1990-09-08,7.920083199,0.05296875,0.049479167,0.04046875,0.0384375,0.02171875,0.038229167,0.0384375,0.02328125,0.036875,0.03421875,0.028828125,0,0,42.17511628
1990-09-15,9.614204199,0.03578125,0.049479167,0.04046875,0.0384375,0.0353125,0.0390625,0.0384375,0.02328125,0.02640625,0.03421875,0.028828125,1,1,15.3525641
1990-09-22,8.30201781,0.05296875,0.0415625,0.04921875,0.03671875,0.0353125,0.0390625,0.0353125,0.02328125,0.02640625,0.02484375,0.028828125,0,0,42.47539683
1990-09-29,8.14786713,0.05296875,0.0415625,0.04921875,0.03671875,0.0353125,0.0390625,0.01765625,0.02328125,0.02640625,0.02484375,0.028828125,1,0,42.3962963
1990-10-06,10.45783233,0.03109375,0.049479167,0.04828125,0.03671875,0.0353125,0.0390625,0.0353125,0.0353125,0.036875,0.03265625,0.028828125,1,0,1.624338235
1990-10-13,9.282847063,0.03109375,0.049479167,0.04828125,0.0275,0.02640625,0.0390625,0.02640625,0.02640625,0.02765625,0.02203125,0.028828125,1,0,3.2325
1990-10-20,8.184234774,0.05296875,0.049479167,0.04671875,0.03671875,0.0353125,0.037395833,0.0353125,0.0353125,0.02015625,0.02015625,0.028828125,1,0,39.39928571
1990-10-27,8.921057018,0.05296875,0.046770833,0.04828125,0.03671875,0.02640625,0.037395833,0.0353125,0.0353125,0.036875,0.02953125,0.028828125,1,0,39.43769231
1990-11-03,10.0804615,0.03109375,0.046770833,0.04828125,0.03671875,0.02640625,0.037395833,0.0353125,0.0353125,0.036875,0.02953125,0.028828125,0,0,13.57
1990-11-10,9.400630098,0.03109375,0.049479167,0.03109375,0.03671875,0.0353125,0.037395833,0.0353125,0.0353125,0.036875,0.02484375,0.028828125,1,0,11.58089947
1990-11-17,9.189321005,0.03109375,0.039479167,0.03109375,0.03671875,0.0353125,0.0390625,0.03109375,0.03421875,0.036875,0.02484375,0.023359375,1,0,7.959281046
1990-11-24,8.929567708,0.05296875,0.039479167,0.04585108,0.03109375,0.0353125,0.0390625,0.03109375,0.03140625,0.036875,0.02953125,0.023359375,1,0.63559322,37.46
1990-12-01,9.635346635,0.03421875,0.049479167,0.03734375,0.03671875,0.0353125,0.0390625,0.03109375,0.03140625,0.036875,0.01546875,0.028828125,1,0,3.2
1990-12-08,8.66974259,0.03421875,0.049479167,0.03734375,0.03671875,0.0353125,0.0390625,0.03109375,0.03421875,0.02953125,0.01546875,0.028828125,1,0,3.2
1990-12-15,8.489616424,0.05296875,0.049479167,0.03734375,0.03671875,0.0353125,0.0390625,0.0353125,0.03421875,0.036875,0.02328125,0.028828125,0,0,37.46
1990-12-22,8.269756948,0.05296875,0.049479167,0.04296875,0.03671875,0.02015625,0.0390625,0.0353125,0.03421875,0.036875,0.02328125,0.028828125,1,0,37.46
1990-12-29,8.269756948,0.05296875,0.045729167,0.04296875,0.03109375,0.0353125,0.0390625,0.0353125,0.03125,0.036875,0.02171875,0.025703125,0,0,36.35
1991-01-05,10.44488118,0.03109375,0.045729167,0.04296875,0.03671875,0.0353125,0.0390625,0.0353125,0.03125,0.03109375,0.02171875,0.025703125,1,1,5.968472998
1991-01-12,8.743850562,0.05296875,0.049479167,0.04296875,0.03109375,0.03109375,0.0390625,0.0353125,0.03421875,0.03109375,0.02171875,0.025703125,0,0,37.61704082
1991-01-19,9.064157862,0.042428945,0.049479167,0.04296875,0.026344338,0.030346937,0.0390625,0.033391176,0.03421875,0.03109375,0.02484375,0.028203125,1,1,22.01340741
1991-01-26,8.392989588,0.051092281,0.049479167,0.04296875,0.027144913,0.028954346,0.038244831,0.03109375,0.0334375,0.03109375,0.02484375,0.028828125,0,0,35.18463768
1991-02-02,8.435549202,0.046451932,0.049479167,0.03109375,0.035910552,0.02796875,0.036354167,0.031809571,0.03140625,0.0353125,0.0246875,0.028828125,0,0,28.68
1991-02-09,8.764053269,0.0459375,0.049479167,0.04296875,0.03515625,0.02938316,0.038441949,0.0353125,0.031875,0.0353125,0.02328125,0.028828125,1,0,27.89
1991-02-16,8.462948177,0.0459375,0.04883754,0.04296875,0.03515625,0.02640625,0.037395833,0.0333074,0.03296875,0.0353125,0.02453125,0.026171875,1,0,28.09959459
1991-02-23,8.764053269,0.0459375,0.0478125,0.04046875,0.03515625,0.035033232,0.037395833,0.03109375,0.03109375,0.03390625,0.02953125,0.023359375,1,0,28.1391
1991-03-02,8.51559191,0.0459375,0.048338392,0.04296875,0.03515625,0.02328125,0.037395833,0.032643603,0.03140625,0.03109375,0.02828125,0.02453125,1,0,28.01051282
1991-03-09,9.093357017,0.04625,0.049479167,0.04296875,0.03078125,0.03446185,0.037395833,0.032410899,0.03421875,0.03171875,0.02640625,0.028828125,1,0,29.04848921
1991-03-16,8.929567708,0.04671875,0.049479167,0.04296875,0.031082241,0.032256997,0.038125,0.03109375,0.03390625,0.03109375,0.02703125,0.029375,0,0,36.07355932
1991-03-23,10.54744449,0.03109375,0.049479167,0.04296875,0.033520165,0.03109375,0.0390625,0.03109375,0.03265625,0.0209375,0.02953125,0.025703125,1,1,13.26714286
1991-03-30,8.921057018,0.040938724,0.049479167,0.04296875,0.03109375,0.03109375,0.0390625,0.03109375,0.033125,0.02265625,0.0234375,0.03046875,1,0,35.98905983
1991-04-06,8.476371197,0.04671875,0.0415625,0.04296875,0.03109375,0.031709834,0.037395833,0.030399504,0.0328125,0.025,0.02484375,0.030859375,0,0,43.96933333
1991-04-13,8.476371197,0.04671875,0.043781998,0.04296875,0.029148716,0.0353125,0.03756872,0.02990735,0.03109375,0.03109375,0.02484375,0.0278125,0,0,43.98133333
1991-04-20,8.912473275,0.042281927,0.049479167,0.04296875,0.02640625,0.033058946,0.0384375,0.03209864,0.03109375,0.03109375,0.0253125,0.023359375,0,0,38.10241379
1991-04-27,9.351839934,0.03734375,0.049479167,0.04296875,0.027101585,0.03109375,0.0384375,0.0353125,0.03109375,0.03109375,0.02640625,0.023359375,1,0,29.89222222
1991-05-04,9.384629757,0.036672312,0.049479167,0.041306588,0.025690906,0.03109375,0.0384375,0.036460162,0.03109375,0.02796875,0.02640625,0.0246875,1,0,28.18129032
1991-05-11,8.877381955,0.03578125,0.049479167,0.03890625,0.02328125,0.033376057,0.0384375,0.03875,0.031875,0.02875,0.0275,0.030859375,1,0,24.66375
1991-05-18,9.264828557,0.037967511,0.049479167,0.043218843,0.02377719,0.03890625,0.0384375,0.034236018,0.03453125,0.031875,0.02796875,0.030859375,1,0,25.954
1991-05-25,8.624791202,0.04671875,0.0415625,0.0490625,0.03671875,0.03890625,0.038504529,0.03109375,0.03546875,0.02796875,0.02421875,0.030859375,0,0,39.80655172
1991-06-01,8.489616424,0.04671875,0.0415625,0.0484375,0.025778618,0.039548227,0.038866942,0.03190784,0.03265625,0.02796875,0.02015625,0.03,0,0,39.80631579
1991-06-08,9.00307017,0.04671875,0.043101495,0.0484375,0.02328125,0.034536523,0.0384375,0.03875,0.033125,0.02796875,0.02109375,0.028828125,0,0,42.22322835
1991-06-15,10.31374118,0.03109375,0.049479167,0.048542114,0.025062231,0.03109375,0.0384375,0.03939454,0.03671875,0.01546875,0.0184375,0.028828125,1,1,19.71218684
1991-06-22,8.589699882,0.04671875,0.049479167,0.04921875,0.03671875,0.03109375,0.038591079,0.036372575,0.03671875,0.02796875,0.02640625,0.029609375,0,0,46.5625
1991-06-29,10.74229231,0.03109375,0.049479167,0.04921875,0.03671875,0.03389521,0.041614828,0.03109375,0.03609375,0.0265625,0.025625,0.030859375,1,1,19.70936376
1991-07-06,9.596962392,0.02796875,0.049479167,0.04921875,0.03671875,0.035645865,0.047395833,0.032861746,0.0353125,0.024375,0.0215625,0.030859375,1,0,10.7406087
1991-07-13,9.996613531,0.02796875,0.049479167,0.04680744,0.039689016,0.03109375,0.04669715,0.033450245,0.03671875,0.02484375,0.023125,0.025703125,1,0,3.115772595
1991-07-20,8.868413285,0.035082831,0.049479167,0.04359375,0.036660715,0.032969782,0.045729167,0.03109375,0.03671875,0.02265625,0.02484375,0.02609375,1,0,5.402972973
1991-07-27,9.442086812,0.045570674,0.049479167,0.044728073,0.03109375,0.038607347,0.046390994,0.033432308,0.0365625,0.02015625,0.02609375,0.029609375,0,0,27.30116751
1991-08-03,9.346268889,0.0390625,0.047998169,0.047872144,0.032666349,0.03109375,0.047395833,0.03984375,0.03515625,0.0209375,0.02953125,0.029609375,1,1,15.2
1991-08-10,8.66974259,0.041200795,0.045729167,0.04640625,0.044208377,0.034751091,0.047395833,0.03496195,0.03515625,0.02640625,0.02171875,0.023359375,1,0,19.58945055
1991-08-17,8.754002934,0.04671875,0.046065967,0.04609375,0.04515625,0.0415625,0.047395833,0.03109375,0.03515625,0.0265625,0.02015625,0.030859375,0,0,29.09
1991-08-24,8.793612072,0.040825793,0.049479167,0.04609375,0.041557506,0.03109375,0.035520833,0.03274057,0.0353125,0.02796875,0.02203125,0.030859375,0,0,18.85728155
1991-08-31,10.04220547,0.035,0.037083333,0.04609375,0.03375,0.0415625,0.047395833,0.04046875,0.03671875,0.02796875,0.02953125,0.030859375,1,1,5.35
1991-09-07,8.831711918,0.04671875,0.049479167,0.04515625,0.04515625,0.0415625,0.047395833,0.03109375,0.0334375,0.02796875,0.03,0.030234375,0,0,29.09
1991-09-14,8.624791202,0.04671875,0.049479167,0.045438016,0.04515625,0.0415625,0.047395833,0.03109375,0.03109375,0.02796875,0.03109375,0.029609375,0,0,29.09
1991-09-21,8.565602331,0.04671875,0.049479167,0.04671875,0.04515625,0.03109375,0.035520833,0.04046875,0.03671875,0.02796875,0.02625,0.029453125,0,0,29.09
1991-09-28,8.793612072,0.04671875,0.049479167,0.04515625,0.040224796,0.041686143,0.047395833,0.04046875,0.03671875,0.02796875,0.02640625,0.030078125,0,0,29.09
1991-10-05,10.56576307,0.03890625,0.049479167,0.04515625,0.043997574,0.04203125,0.047395833,0.04046875,0.03671875,0.02796875,0.02671875,0.030625,1,1,14.85
1991-10-12,9.618468598,0.035142536,0.049479167,0.045717459,0.04515625,0.04203125,0.046403941,0.04046875,0.03671875,0.02796875,0.03109375,0.030390625,1,0,5.692851064
1991-10-19,10.64808802,0.03109375,0.049479167,0.04671875,0.04515625,0.04203125,0.0446875,0.04046875,0.0371875,0.02796875,0.03109375,0.0303125,1,1,6.53
1991-10-26,8.68067166,0.04671875,0.046770833,0.04549042,0.03109375,0.038361529,0.046026579,0.04046875,0.03890625,0.02796875,0.03109375,0.029609375,1,1,29.09
1991-11-02,9.252633284,0.04203125,0.047580526,0.04203125,0.032325667,0.03109375,0.047395833,0.04046875,0.03890625,0.02796875,0.0271875,0.029609375,1,0,21.18
1991-11-09,8.68067166,0.04671875,0.049479167,0.043523578,0.02953125,0.036796629,0.046894857,0.04046875,0.03890625,0.02796875,0.02234375,0.029609375,0,0,29.09
1991-11-16,8.565602331,0.04671875,0.049479167,0.04586174,0.04515625,0.04203125,0.045729167,0.04046875,0.03890625,0.02796875,0.029375,0.029609375,0,0,29.09
1991-11-23,8.449342525,0.04671875,0.0415625,0.04359375,0.04515625,0.03578125,0.047395833,0.04046875,0.03890625,0.02796875,0.02640625,0.029609375,0,0,29.09
1991-11-30,8.702177866,0.046316618,0.049019662,0.046125508,0.04515625,0.04175617,0.047241048,0.039912844,0.0346875,0.0275,0.02328125,0.02921875,0,0,28.47212766
1991-12-07,8.886270902,0.04515625,0.047395833,0.04515625,0.04046875,0.04140625,0.046770833,0.03890625,0.03265625,0.02640625,0.02953125,0.028046875,1,0.539823009,26.64
