time_series/Lab2dataset1.csv
week,logmove,price1,price2,price3,price4,price5,price6,price7,price8,price9,price10,price11,deal,feat,profit
1991-12-14,8.462948177,0.04671875,0.049479167,0.04671875,0.040001551,0.03109375,0.046770833,0.04046875,0.03890625,0.02796875,0.030625,0.029609375,0,0,31.98459459
1991-12-21,9.14931567,0.04359375,0.048009137,0.044558114,0.03109375,0.030255606,0.046943505,0.04046875,0.03109375,0.02796875,0.02125,0.028671875,1,1,35.43428571
1991-12-28,8.903815212,0.041965008,0.046041667,0.0434375,0.03109375,0.02640625,0.043108616,0.037095224,0.03109375,0.02703125,0.02046875,0.0275,0,0,26.85434783
1992-01-04,9.592605087,0.03890625,0.046041667,0.0434375,0.031966613,0.027684499,0.040208333,0.03328125,0.03109375,0.02609375,0.0296875,0.0275,1,1,24.35152838
1992-01-11,8.938006577,0.041559148,0.046041667,0.0434375,0.041084629,0.027096933,0.040208333,0.03328125,0.0353125,0.02796875,0.02890625,0.0275,1,0,36.83689076
1992-01-18,8.841014311,0.045396546,0.046041667,0.0434375,0.026105834,0.040526044,0.0388992,0.03328125,0.03109375,0.02484375,0.0278125,0.0275,0,0,37.80925926
1992-01-25,8.691482577,0.0434375,0.046041667,0.0434375,0.024147025,0.037385259,0.036354167,0.03328125,0.03109375,0.0253125,0.02328125,0.0275,1,1,32.91548387
1992-02-01,8.253227646,0.0434375,0.0415625,0.0434375,0.030725084,0.03421875,0.03794633,0.03328125,0.03390625,0.02796875,0.0271875,0.0275,0,0,34.95166667
